// Jest Snapshot v1, https://goo.gl/fbAQLP

exports[`SubGenerator java-audit of entity-audit JHipster blueprint run should succeed 1`] = `
{
  ".yo-rc.json": {
    "stateCleared": "modified",
  },
}
`;
