// Vitest Snapshot v1, https://vitest.dev/guide/snapshot.html

exports[`SubGenerator java-audit of entity-audit JHipster blueprint > run > should succeed 1`] = `
{
  ".jhipster/Audited.json": {
    "stateCleared": "modified",
  },
  ".yo-rc.json": {
    "stateCleared": "modified",
  },
  "src/main/java/com/mycompany/myapp/GeneratedByJHipster.java": {
    "stateCleared": "modified",
  },
  "src/main/java/com/mycompany/myapp/domain/Audited.java": {
    "stateCleared": "modified",
  },
  "src/main/java/com/mycompany/myapp/domain/package-info.java": {
    "stateCleared": "modified",
  },
  "src/main/java/com/mycompany/myapp/package-info.java": {
    "stateCleared": "modified",
  },
  "src/test/java/com/mycompany/myapp/domain/AuditedTest.java": {
    "stateCleared": "modified",
  },
  "src/test/java/com/mycompany/myapp/domain/AuditedTestSamples.java": {
    "stateCleared": "modified",
  },
}
`;
