// Jest Snapshot v1, https://goo.gl/fbAQLP

exports[`SubGenerator spring-boot-javers of entity-audit JHipster blueprint run should succeed 1`] = `
{
  ".yo-rc.json": {
    "stateCleared": "modified",
  },
  "src/main/java/com/mycompany/myapp/config/audit/JaversAuthorProvider.java": {
    "stateCleared": "modified",
  },
  "src/main/java/com/mycompany/myapp/domain/AbstractAuditingEntity.java": {
    "stateCleared": "modified",
  },
  "src/main/java/com/mycompany/myapp/web/rest/JaversEntityAuditResource.java": {
    "stateCleared": "modified",
  },
  "src/main/java/com/mycompany/myapp/web/rest/dto/EntityAuditAction.java": {
    "stateCleared": "modified",
  },
  "src/main/java/com/mycompany/myapp/web/rest/dto/EntityAuditEvent.java": {
    "stateCleared": "modified",
  },
}
`;
